/Users/batiasegal/Library/Mobile Documents/com~apple~CloudDocs/Data Structures & Algorithms in Python/Codes/Textbook Projects/Chapter 2 /FirstDerivativeIdleVersion.py
/Users/batiasegal/Library/Mobile Documents/com~apple~CloudDocs/Data Structures & Algorithms in Python/Codes/Lecture 1 Slide Code.py
/Users/batiasegal/Library/Mobile Documents/com~apple~CloudDocs/Computer Science /Exam 4 Prep/Graph.py
/Users/batiasegal/Downloads/BitHash (1).py
/Users/batiasegal/Downloads/test_problem2.py
/Users/batiasegal/Downloads/test_hw17.py
/Users/batiasegal/Library/Mobile Documents/com~apple~CloudDocs/Computer Science /Data Structures Exam 2/Problem1.py
/Users/batiasegal/Library/Mobile Documents/com~apple~CloudDocs/Computer Science /Data Structures Exam 2/Problem2.py
/Users/batiasegal/Library/Mobile Documents/com~apple~CloudDocs/Computer Science /Data Structures Exam 2/Problem3.py
/Users/batiasegal/Library/Mobile Documents/com~apple~CloudDocs/Computer Science /Data Structures Exam 2/Problem5.py
/Users/batiasegal/Library/Mobile Documents/com~apple~CloudDocs/Computer Science /Data Structures Exam 2/Problem4.py
/Users/batiasegal/Downloads/Problem5.py
/Users/batiasegal/Downloads/TrieHW.py
/Users/batiasegal/Downloads/CLL.py
/Users/batiasegal/Downloads/QuickSortHW.py
/Users/batiasegal/Library/Mobile Documents/com~apple~CloudDocs/Computer Science /HW8/test_hw8.py
/Users/batiasegal/Library/Mobile Documents/com~apple~CloudDocs/Computer Science /HW7/DoublyLinkedList.py
/Users/batiasegal/Downloads/LinkedList (1).py
/Users/batiasegal/Downloads/LinkedList.py
/Users/batiasegal/Downloads/Queue (1).py
/Users/batiasegal/Downloads/Monopoly Semester Project.py
